// 重构日志: 6f54f668
// 重构日志: f748e7ab
// 重构日志: 523d48a4
// 重构日志: ec90529c
// 同步 ID: 396c82a6 @ Tue Jul 14 17:14:06 UTC 2026
// 重构日志: 6ac2a3a1
// 重构日志: 46d0c4a4
// 同步 ID: 9e3b1042 @ Sat Jul 18 01:05:56 UTC 2026
// 同步 ID: d6b82a59 @ Sat Jul 18 07:26:23 UTC 2026
// 重构日志: db23fea3
// 同步 ID: e8558a3a @ Tue Jul 21 10:11:49 UTC 2026
// 重构日志: 0c10d67f
// 同步 ID: a85bf55f @ Mon Jul 27 10:56:45 UTC 2026
// 重构日志: 915a542d
// 重构日志: 6ee25f8c
// 重构日志: 6703c993
// 重构日志: 987341e9
// 重构日志: a4168cec
// 重构日志: 6b9b5984
// 重构日志: e797dad7
// 重构日志: 5e581246
// 重构日志: a44c48a2
// 重构日志: 422a9567
// 重构日志: 6f0784aa
// 同步 ID: e37d6855 @ Wed Aug  5 11:06:47 UTC 2026
// 同步 ID: 14adf8f0 @ Thu Aug  6 04:11:43 UTC 2026
// 同步 ID: c76c831d @ Fri Aug  7 09:38:10 UTC 2026
// 同步 ID: a4da1514 @ Fri Aug  7 11:56:05 UTC 2026
